 2D Periodic Lattice; Nx=  4; Ny=  4; total sites=   16                          
                          U :            2.000000
                       t_up :            1.000000
                       t_dn :            1.000000
                      mu_up :            0.000000
                      mu_dn :            0.000000
             Time slice - L :           20
            Number of sites :           16
                       dtau :            0.100000
                       beta :            2.000000
     Number of warmup sweep :         2000
Number of measurement sweep :         5000
   Frequency of measurement :            1
                Random seed :      1234567
 Frequency of recomputing G :           15
Global move number of sites :            0
               Accept count :      1099623
               Reject count :      1050556
    Approximate accept rate :            0.511410
                      gamma :            0.855822
           Type of matrix B : Dense MatB  
         Type of matrix HSF : discrete
============================================================================
 Sign of equal time measurements:
                   Avg sign :   0.10000000E+01 +-  0.00000000E+00
                Avg up sign :   0.10000000E+01 +-  0.00000000E+00
                Avg dn sign :   0.10000000E+01 +-  0.00000000E+00
============================================================================
 Equal time measurements:
          Up spin occupancy :   0.50369083E+00 +-  0.20169506E-02
        Down spin occupancy :   0.49630917E+00 +-  0.20169506E-02
             <U*N_up*N_dn>  :   0.38009792E+00 +-  0.14904377E-02
             Kinetic energy :  -0.24078938E+01 +-  0.41373958E-02
               Total energy :  -0.15277959E+01 +-  0.31376414E-02
                    Density :   0.10000000E+01 +-  0.00000000E+00
                Chi_thermal :  -0.32000000E+02 +-  0.14768353E-12
              Specific heat :   0.11397246E+03 +-  0.51628458E+00
  XX Ferro structure factor :   0.28408750E+00 +-  0.41172492E-02
  ZZ Ferro structure factor :   0.28364670E+00 +-  0.69670409E-02
           Potential energy :  -0.11990208E+00 +-  0.14904377E-02
             Hopping energy :  -0.14078938E+01 +-  0.41373958E-02
           Double occupancy :   0.19004896E+00 +-  0.74521884E-03
      Magnetization squared :   0.15497552E+00 +-  0.37260942E-03
     XX AF structure factor :   0.11150204E+01 +-  0.38710668E-02
  Root Mean Square of XX AF :   0.11219640E+01 +-  0.38658211E-02
     ZZ AF structure factor :   0.10592950E+01 +-  0.28680651E-01
  Root Mean Square of ZZ AF :   0.12421853E+01 +-  0.44214806E-01
============================================================================
 Mean Equal time Green's function:
point ; dx=  0 ; dy=  0 :                        0.50000000E+00 +-  0.00000000E+00
point ; dx=  1 ; dy=  0 :                       -0.17598672E+00 +-  0.51717447E-03
point ; dx=  2 ; dy=  0 :                       -0.31672256E-19 +-  0.24751449E-19
point ; dx=  1 ; dy=  1 :                        0.43723841E-20 +-  0.18753893E-19
point ; dx=  2 ; dy=  1 :                        0.53340442E-01 +-  0.34932478E-03
point ; dx=  2 ; dy=  2 :                       -0.53268208E-19 +-  0.63411133E-19
============================================================================
 Up Equal time Green's function:
point ; dx=  0 ; dy=  0 :                        0.49630917E+00 +-  0.20169506E-02
point ; dx=  1 ; dy=  0 :                       -0.17598672E+00 +-  0.51717447E-03
point ; dx=  2 ; dy=  0 :                        0.15872008E-02 +-  0.67009265E-03
point ; dx=  1 ; dy=  1 :                        0.68688788E-03 +-  0.71334119E-03
point ; dx=  2 ; dy=  1 :                        0.53340442E-01 +-  0.34932478E-03
point ; dx=  2 ; dy=  2 :                       -0.28126059E-02 +-  0.13973165E-02
============================================================================
 Down Equal time Green's function:
point ; dx=  0 ; dy=  0 :                        0.50369083E+00 +-  0.20169506E-02
point ; dx=  1 ; dy=  0 :                       -0.17598672E+00 +-  0.51717447E-03
point ; dx=  2 ; dy=  0 :                       -0.15872008E-02 +-  0.67009265E-03
point ; dx=  1 ; dy=  1 :                       -0.68688788E-03 +-  0.71334119E-03
point ; dx=  2 ; dy=  1 :                        0.53340442E-01 +-  0.34932478E-03
point ; dx=  2 ; dy=  2 :                        0.28126059E-02 +-  0.13973165E-02
============================================================================
 Density-density correlation fn: (up-up)
point ; dx=  0 ; dy=  0 :                        0.50000000E+00 +-  0.00000000E+00
point ; dx=  1 ; dy=  0 :                        0.21532546E+00 +-  0.62107651E-03
point ; dx=  2 ; dy=  0 :                        0.25149668E+00 +-  0.61969068E-03
point ; dx=  1 ; dy=  1 :                        0.25066077E+00 +-  0.45370223E-03
point ; dx=  2 ; dy=  1 :                        0.24651810E+00 +-  0.52238566E-03
point ; dx=  2 ; dy=  2 :                        0.24978288E+00 +-  0.12336685E-02
============================================================================
 Density-density correlation fn: (up-dn)
point ; dx=  0 ; dy=  0 :                        0.19004896E+00 +-  0.74521884E-03
point ; dx=  1 ; dy=  0 :                        0.25912043E+00 +-  0.60936683E-03
point ; dx=  2 ; dy=  0 :                        0.24652860E+00 +-  0.62520366E-03
point ; dx=  1 ; dy=  1 :                        0.24739139E+00 +-  0.46295162E-03
point ; dx=  2 ; dy=  1 :                        0.25120115E+00 +-  0.51348750E-03
point ; dx=  2 ; dy=  2 :                        0.24701219E+00 +-  0.12596423E-02
============================================================================
 XX Spin correlation function:
point ; dx=  0 ; dy=  0 :                        0.61990208E+00 +-  0.14904377E-02
point ; dx=  1 ; dy=  0 :                       -0.90242512E-01 +-  0.75750144E-03
point ; dx=  2 ; dy=  0 :                        0.10694220E-01 +-  0.37518822E-03
point ; dx=  1 ; dy=  1 :                        0.10554124E-01 +-  0.32204820E-03
point ; dx=  2 ; dy=  1 :                       -0.13624104E-01 +-  0.22259485E-03
point ; dx=  2 ; dy=  2 :                        0.16046942E-01 +-  0.38085497E-03
============================================================================
 ZZ Spin correlation function:
point ; dx=  0 ; dy=  0 :                        0.61990208E+00 +-  0.14904377E-02
point ; dx=  1 ; dy=  0 :                       -0.87589941E-01 +-  0.24471292E-02
point ; dx=  2 ; dy=  0 :                        0.99361655E-02 +-  0.24892281E-02
point ; dx=  1 ; dy=  1 :                        0.65387567E-02 +-  0.18324790E-02
point ; dx=  2 ; dy=  1 :                       -0.93660922E-02 +-  0.20713372E-02
point ; dx=  2 ; dy=  2 :                        0.55413929E-02 +-  0.49849395E-02
============================================================================
 Average Spin correlation function:
point ; dx=  0 ; dy=  0 :                        0.61990208E+00 +-  0.14904377E-02
point ; dx=  1 ; dy=  0 :                       -0.89358322E-01 +-  0.97474669E-03
point ; dx=  2 ; dy=  0 :                        0.10441535E-01 +-  0.93153152E-03
point ; dx=  1 ; dy=  1 :                        0.92156682E-02 +-  0.66485087E-03
point ; dx=  2 ; dy=  1 :                       -0.12204767E-01 +-  0.69844162E-03
point ; dx=  2 ; dy=  2 :                        0.12545092E-01 +-  0.17272440E-02
============================================================================
 Pairing correlation function:
point ; dx=  0 ; dy=  0 :                        0.95024479E-01 +-  0.37260942E-03
point ; dx=  1 ; dy=  0 :                        0.12777051E-01 +-  0.65225651E-04
point ; dx=  2 ; dy=  0 :                       -0.98735823E-03 +-  0.13492364E-04
point ; dx=  1 ; dy=  1 :                       -0.97392151E-03 +-  0.14534310E-04
point ; dx=  2 ; dy=  1 :                        0.11403771E-02 +-  0.11213495E-04
point ; dx=  2 ; dy=  2 :                       -0.16024652E-02 +-  0.34884770E-04
============================================================================
 Pair-field correlation function - accumulated:
           S-Wave :                                         NaN +-             NaN
          SX-Wave :                                         NaN +-             NaN
           D-Wave :                                         NaN +-             NaN
         SXX-Wave :                                         NaN +-             NaN
         DXX-Wave :                                         NaN +-             NaN
          PX-Wave :                                         NaN +-             NaN
          PY-Wave :                                         NaN +-             NaN
         PXY-Wave :                                         NaN +-             NaN
         PYX-Wave :                                         NaN +-             NaN
============================================================================
