 2D Periodic Lattice; Nx=  4; Ny=  4; total sites=   16                          
                          U :            4.000000
                       t_up :            1.000000
                       t_dn :            1.000000
                      mu_up :            0.300000
                      mu_dn :            0.300000
             Time slice - L :           24
            Number of sites :           16
                       dtau :            0.125000
                       beta :            3.000000
     Number of warmup sweep :         1000
Number of measurement sweep :         5000
   Frequency of measurement :            1
                Random seed :       123456
 Frequency of recomputing G :           15
Global move number of sites :            0
               Accept count :      1143563
               Reject count :      1071448
    Approximate accept rate :            0.516279
                      gamma :            0.398685
           Type of matrix B : Dense MatB  
         Type of matrix HSF : 0/1
============================================================================
 Sign of equal time measurements:
                   Avg sign :   0.10000000E+01 +-  0.00000000E+00
                Avg up sign :   0.98800000E+00 +-  0.85374990E-02
                Avg dn sign :   0.98800000E+00 +-  0.85374990E-02
============================================================================
 Equal time measurements:
          Up spin occupancy :   0.51810664E+00 +-  0.10675555E-02
        Down spin occupancy :   0.51733358E+00 +-  0.10643544E-02
               UxN_upxN_dn  :   0.61964538E+00 +-  0.30604028E-02
             Kinetic energy :  -0.16169074E+01 +-  0.74522643E-02
               Total Energy :  -0.99726204E+00 +-  0.72767289E-02
                    Density :   0.10354402E+01 +-  0.43435365E-03
                Chi_thermal :  -0.30871399E+03 +-  0.80633415E+00
              Specific heat :   0.12124297E+04 +-  0.12140112E+02
  XX Ferro structure factor :   0.32476288E+00 +-  0.37551662E-01
  ZZ Ferro structure factor :   0.26629100E+00 +-  0.75633896E-02
     XX AF structure factor :   0.20660533E+01 +-  0.12342943E+00
  Root Mean Square of XX AF :   0.25877569E+01 +-  0.32637434E+00
     ZZ AF structure factor :   0.18677379E+01 +-  0.46620200E-01
  Root Mean Square of ZZ AF :   0.25365907E+01 +-  0.68420476E-01
============================================================================
 Mean Equal time Greens function:
point ; dx=  0 ; dy=  0 :       0.48227989E+00 +-  0.21717682E-03
point ; dx=  1 ; dy=  0 :      -0.16328442E+00 +-  0.93472546E-03
point ; dx=  2 ; dy=  0 :       0.52542940E-02 +-  0.49390402E-03
point ; dx=  1 ; dy=  1 :       0.42088975E-02 +-  0.27699041E-03
point ; dx=  2 ; dy=  1 :       0.45649686E-01 +-  0.62931768E-03
point ; dx=  2 ; dy=  2 :      -0.11682293E-01 +-  0.55222311E-03
============================================================================
 Up Equal time Greens function:
point ; dx=  0 ; dy=  0 :       0.48189336E+00 +-  0.10675555E-02
point ; dx=  1 ; dy=  0 :      -0.16345859E+00 +-  0.97780518E-03
point ; dx=  2 ; dy=  0 :       0.69834149E-02 +-  0.21888909E-02
point ; dx=  1 ; dy=  1 :       0.23377252E-02 +-  0.14910424E-02
point ; dx=  2 ; dy=  1 :       0.45658306E-01 +-  0.70104634E-03
point ; dx=  2 ; dy=  2 :      -0.11809490E-01 +-  0.25029705E-02
============================================================================
 Down Equal time Greens function:
point ; dx=  0 ; dy=  0 :       0.48266642E+00 +-  0.10643544E-02
point ; dx=  1 ; dy=  0 :      -0.16311024E+00 +-  0.89851695E-03
point ; dx=  2 ; dy=  0 :       0.35251731E-02 +-  0.15418393E-02
point ; dx=  1 ; dy=  1 :       0.60800698E-02 +-  0.11320334E-02
point ; dx=  2 ; dy=  1 :       0.45641065E-01 +-  0.58845839E-03
point ; dx=  2 ; dy=  2 :      -0.11555096E-01 +-  0.21319456E-02
============================================================================
 Density-density correlation fn - up up:
point ; dx=  0 ; dy=  0 :       0.51772011E+00 +-  0.21717682E-03
point ; dx=  1 ; dy=  0 :       0.22153322E+00 +-  0.83940930E-03
point ; dx=  2 ; dy=  0 :       0.27886460E+00 +-  0.98861306E-03
point ; dx=  1 ; dy=  1 :       0.27834152E+00 +-  0.75253673E-03
point ; dx=  2 ; dy=  1 :       0.25253237E+00 +-  0.12207498E-02
point ; dx=  2 ; dy=  2 :       0.28096846E+00 +-  0.11006050E-02
============================================================================
 Density-density correlation fn - up dn:
point ; dx=  0 ; dy=  0 :       0.15491134E+00 +-  0.76510070E-03
point ; dx=  1 ; dy=  0 :       0.29270126E+00 +-  0.65612313E-03
point ; dx=  2 ; dy=  0 :       0.25462845E+00 +-  0.10150979E-02
point ; dx=  1 ; dy=  1 :       0.25517714E+00 +-  0.10905678E-02
point ; dx=  2 ; dy=  1 :       0.28145476E+00 +-  0.92097118E-03
point ; dx=  2 ; dy=  2 :       0.25139979E+00 +-  0.12742728E-02
============================================================================
 XX Spin correlation function:
point ; dx=  0 ; dy=  0 :       0.72561753E+00 +-  0.12346405E-02
point ; dx=  1 ; dy=  0 :      -0.16043430E+00 +-  0.86912262E-02
point ; dx=  2 ; dy=  0 :       0.67139063E-01 +-  0.65044198E-02
point ; dx=  1 ; dy=  1 :       0.60768274E-01 +-  0.99223288E-02
point ; dx=  2 ; dy=  1 :      -0.57227002E-01 +-  0.74335629E-02
point ; dx=  2 ; dy=  2 :       0.92439343E-01 +-  0.21391534E-01
============================================================================
 ZZ Spin correlation function:
point ; dx=  0 ; dy=  0 :       0.72561753E+00 +-  0.12346405E-02
point ; dx=  1 ; dy=  0 :      -0.14233609E+00 +-  0.28855977E-02
point ; dx=  2 ; dy=  0 :       0.48472294E-01 +-  0.39152579E-02
point ; dx=  1 ; dy=  1 :       0.46328758E-01 +-  0.36334779E-02
point ; dx=  2 ; dy=  1 :      -0.57844782E-01 +-  0.42365728E-02
point ; dx=  2 ; dy=  2 :       0.59137325E-01 +-  0.46479976E-02
============================================================================
 Average Spin correlation function:
point ; dx=  0 ; dy=  0 :       0.72561753E+00 +-  0.12346405E-02
point ; dx=  1 ; dy=  0 :      -0.15440156E+00 +-  0.62596842E-02
point ; dx=  2 ; dy=  0 :       0.60916807E-01 +-  0.44712879E-02
point ; dx=  1 ; dy=  1 :       0.55955102E-01 +-  0.72072463E-02
point ; dx=  2 ; dy=  1 :      -0.57432929E-01 +-  0.49102850E-02
point ; dx=  2 ; dy=  2 :       0.81338670E-01 +-  0.13796247E-01
============================================================================
 Onsite s-wave pair-field correlation function - site resolved:
point ; dx=  0 ; dy=  0 :       0.59735564E-01 +-  0.26034641E-03
point ; dx=  1 ; dy=  0 :       0.10824062E-01 +-  0.63162512E-04
point ; dx=  2 ; dy=  0 :      -0.12164242E-02 +-  0.19806667E-04
point ; dx=  1 ; dy=  1 :      -0.12120147E-02 +-  0.21530617E-04
point ; dx=  2 ; dy=  1 :       0.97761847E-03 +-  0.21888594E-04
point ; dx=  2 ; dy=  2 :      -0.17387597E-02 +-  0.64009258E-04
============================================================================
 Pair-field correlation function - accumulated:
           S-Wave :             0.19584523E+00 +-  0.10047907E-02
          SX-Wave :             0.55406218E+00 +-  0.44905379E-02
           D-Wave :             0.38159892E+00 +-  0.67169133E-02
         SXX-Wave :             0.28215497E+00 +-  0.11395451E-01
         DXX-Wave :             0.14872930E+00 +-  0.15692117E-01
          PX-Wave :             0.13942533E+00 +-  0.64382172E-02
          PY-Wave :             0.13878393E+00 +-  0.33002759E-02
         PXY-Wave :             0.21703632E+00 +-  0.15768847E-02
         PYX-Wave :             0.21696326E+00 +-  0.28578346E-02
============================================================================
