 2D Periodic Lattice; Nx=  4; Ny=  4; total sites=   16                          
                          U :            4.000000
                       t_up :            0.500000
                       t_dn :            0.500000
                      mu_up :            0.300000
                      mu_dn :            0.300000
             Time slice - L :           24
            Number of sites :           16
                       dtau :            0.125000
                       beta :            3.000000
     Number of warmup sweep :         1000
Number of measurement sweep :         5000
   Frequency of measurement :            1
                Random seed :       123456
 Frequency of recomputing G :           18
Global move number of sites :            0
               Accept count :         1323
               Reject count :         1464
    Approximate accept rate :            0.474704
                      gamma :            0.000000
           Type of matrix B : Dense MatB  
         Type of matrix HSF : 0/1
============================================================================
 Sign of equal time measurements:
                   Avg sign :   0.10000000E+01 +-  0.00000000E+00
                Avg up sign :   0.99600000E+00 +-  0.40000000E-02
                Avg dn sign :   0.99600000E+00 +-  0.40000000E-02
============================================================================
 Equal time measurements:
          Up spin occupancy :   0.50698728E+00 +-  0.40040641E-02
        Down spin occupancy :   0.51000773E+00 +-  0.41964055E-02
               UxN_upxN_dn  :   0.24588734E+00 +-  0.49278260E-02
             Kinetic energy :  -0.67660751E+00 +-  0.59946517E-02
               Total Energy :  -0.43072017E+00 +-  0.35240373E-02
                    Density :   0.10169950E+01 +-  0.71575194E-03
                Chi_thermal :  -0.29779768E+03 +-  0.13272107E+01
              Specific heat :   0.84831399E+03 +-  0.67002632E+01
  XX Ferro structure factor :   0.57771271E+00 +-  0.60104968E-01
  ZZ Ferro structure factor :   0.56842709E+00 +-  0.29947748E-01
     XX AF structure factor :   0.17013631E+01 +-  0.90431295E-01
  Root Mean Square of XX AF :   0.23593639E+01 +-  0.29656968E+00
     ZZ AF structure factor :   0.15773172E+01 +-  0.11016460E+00
  Root Mean Square of ZZ AF :   0.23989220E+01 +-  0.15380250E+00
============================================================================
 Mean Equal time Greens function:
point ; dx=  0 ; dy=  0 :       0.49150249E+00 +-  0.35787597E-03
point ; dx=  1 ; dy=  0 :      -0.92877251E-01 +-  0.14642153E-02
point ; dx=  2 ; dy=  0 :       0.18563924E-03 +-  0.23592197E-03
point ; dx=  1 ; dy=  1 :       0.48674557E-03 +-  0.16910349E-03
point ; dx=  2 ; dy=  1 :       0.96461497E-02 +-  0.57365818E-03
point ; dx=  2 ; dy=  2 :       0.14245267E-04 +-  0.12944882E-03
============================================================================
 Up Equal time Greens function:
point ; dx=  0 ; dy=  0 :       0.49301272E+00 +-  0.40040641E-02
point ; dx=  1 ; dy=  0 :      -0.92800952E-01 +-  0.15107987E-02
point ; dx=  2 ; dy=  0 :       0.61032421E-04 +-  0.10984220E-02
point ; dx=  1 ; dy=  1 :      -0.23514523E-03 +-  0.74876260E-03
point ; dx=  2 ; dy=  1 :       0.94403815E-02 +-  0.47695732E-03
point ; dx=  2 ; dy=  2 :      -0.18573289E-02 +-  0.17115066E-02
============================================================================
 Down Equal time Greens function:
point ; dx=  0 ; dy=  0 :       0.48999227E+00 +-  0.41964055E-02
point ; dx=  1 ; dy=  0 :      -0.92953550E-01 +-  0.14220987E-02
point ; dx=  2 ; dy=  0 :       0.31024606E-03 +-  0.86555493E-03
point ; dx=  1 ; dy=  1 :       0.12086364E-02 +-  0.84544930E-03
point ; dx=  2 ; dy=  1 :       0.98519179E-02 +-  0.70120807E-03
point ; dx=  2 ; dy=  2 :       0.18858194E-02 +-  0.16665581E-02
============================================================================
 Density-density correlation fn - up up:
point ; dx=  0 ; dy=  0 :       0.50849751E+00 +-  0.35787597E-03
point ; dx=  1 ; dy=  0 :       0.22411333E+00 +-  0.15604613E-02
point ; dx=  2 ; dy=  0 :       0.26724539E+00 +-  0.28528558E-02
point ; dx=  1 ; dy=  1 :       0.26374943E+00 +-  0.17523943E-02
point ; dx=  2 ; dy=  1 :       0.25685587E+00 +-  0.25523310E-02
point ; dx=  2 ; dy=  2 :       0.26296770E+00 +-  0.50301769E-02
============================================================================
 Density-density correlation fn - up dn:
point ; dx=  0 ; dy=  0 :       0.61471834E-01 +-  0.12319565E-02
point ; dx=  1 ; dy=  0 :       0.28395398E+00 +-  0.11995934E-02
point ; dx=  2 ; dy=  0 :       0.24907092E+00 +-  0.34356616E-02
point ; dx=  1 ; dy=  1 :       0.25270764E+00 +-  0.20891863E-02
point ; dx=  2 ; dy=  1 :       0.26007085E+00 +-  0.22784205E-02
point ; dx=  2 ; dy=  2 :       0.25407339E+00 +-  0.54878481E-02
============================================================================
 XX Spin correlation function:
point ; dx=  0 ; dy=  0 :       0.89405135E+00 +-  0.18536154E-02
point ; dx=  1 ; dy=  0 :      -0.12657117E+00 +-  0.10977270E-01
point ; dx=  2 ; dy=  0 :       0.36545308E-01 +-  0.98409988E-02
point ; dx=  1 ; dy=  1 :       0.30374101E-01 +-  0.52078745E-02
point ; dx=  2 ; dy=  1 :      -0.13885135E-01 +-  0.40854594E-02
point ; dx=  2 ; dy=  2 :       0.50899548E-01 +-  0.45653865E-01
============================================================================
 ZZ Spin correlation function:
point ; dx=  0 ; dy=  0 :       0.89405135E+00 +-  0.18536154E-02
point ; dx=  1 ; dy=  0 :      -0.11968131E+00 +-  0.54009019E-02
point ; dx=  2 ; dy=  0 :       0.36348946E-01 +-  0.12546014E-01
point ; dx=  1 ; dy=  1 :       0.22083575E-01 +-  0.75786893E-02
point ; dx=  2 ; dy=  1 :      -0.64299535E-02 +-  0.95687549E-02
point ; dx=  2 ; dy=  2 :       0.17788626E-01 +-  0.21005341E-01
============================================================================
 Average Spin correlation function:
point ; dx=  0 ; dy=  0 :       0.89405135E+00 +-  0.18536154E-02
point ; dx=  1 ; dy=  0 :      -0.12427455E+00 +-  0.73170790E-02
point ; dx=  2 ; dy=  0 :       0.36479854E-01 +-  0.67478279E-02
point ; dx=  1 ; dy=  1 :       0.27610593E-01 +-  0.23431379E-02
point ; dx=  2 ; dy=  1 :      -0.11400074E-01 +-  0.33880407E-02
point ; dx=  2 ; dy=  2 :       0.39862574E-01 +-  0.29198305E-01
============================================================================
 Onsite s-wave pair-field correlation function - site resolved:
point ; dx=  0 ; dy=  0 :       0.22238409E-01 +-  0.33777904E-03
point ; dx=  1 ; dy=  0 :       0.45084450E-02 +-  0.62827723E-04
point ; dx=  2 ; dy=  0 :      -0.39318392E-03 +-  0.13976747E-04
point ; dx=  1 ; dy=  1 :      -0.32417517E-03 +-  0.14561502E-04
point ; dx=  2 ; dy=  1 :       0.97610287E-04 +-  0.58120210E-05
point ; dx=  2 ; dy=  2 :      -0.48326891E-04 +-  0.61262478E-05
============================================================================
 Pair-field correlation function - accumulated:
           S-Wave :             0.77062469E-01 +-  0.11182917E-02
          SX-Wave :             0.42881420E+00 +-  0.74016745E-02
           D-Wave :             0.32798756E+00 +-  0.62897822E-02
         SXX-Wave :             0.27320019E+00 +-  0.23166280E-02
         DXX-Wave :             0.22076110E+00 +-  0.31098631E-02
          PX-Wave :             0.11793700E+00 +-  0.38657137E-02
          PY-Wave :             0.11901503E+00 +-  0.39973780E-02
         PXY-Wave :             0.14952574E+00 +-  0.35549919E-02
         PYX-Wave :             0.14374274E+00 +-  0.26941325E-02
============================================================================
